Microchip MPLAB XC8 Compiler V1.36 ()

Linker command line:

--edf=/opt/microchip/xc8/v1.36/dat/en_msgs.txt -cs \
  -h+dist/Offset/production/LoRaMote_TTN.X.production.sym \
  --cmf=dist/Offset/production/LoRaMote_TTN.X.production.cmf -z -Q18LF25K50 \
  -o/tmp/xcXFlUnsQ -Mdist/Offset/production/LoRaMote_TTN.X.production.map \
  -E1 -ver=XC8 --acfsm=1493 -ASTACK=0580h-07ffh -pstack=STACK \
  -ACODE=01000h-01005h,01008h-01015h,01018h-07FFFh \
  -ACONST=01000h-01005h,01008h-01015h,01018h-07FFFh \
  -ASMALLCONST=01000h-01005h,01008h-01015h,01018h-010FFh,01100h-011FFhx111 \
  -AMEDIUMCONST=01000h-01005h,01008h-01015h,01018h-07FFFh -ACOMRAM=01h-05Fh \
  -AABS1=00h-07FFh -ABIGRAM=01h-07FFh -ARAM=060h-0FFh,0100h-01FFhx7 \
  -ABANK0=060h-0FFh -ABANK1=0100h-01FFh -ABANK2=0200h-02FFh \
  -ABANK3=0300h-03FFh -ABANK4=0400h-04FFh -ABANK5=0500h-05FFh \
  -ABANK6=0600h-06FFh -ABANK7=0700h-07FFh -ASFR=0F53h-0F5Fh,0F60h-0FFFh \
  -preset_vec=01000h,intcode=01008h,intcodelo,powerup,init,end_init \
  -pramtop=0800h -psmallconst=SMALLCONST -pmediumconst=MEDIUMCONST \
  -pconst=CONST -AFARRAM=00h-00h -ACONFIG=0300000h-030000Dh -pconfig=CONFIG \
  -AIDLOC=0200000h-0200007h -pidloc=IDLOC -AEEDATA=0F00000h-0F000FFh \
  -peeprom_data=EEDATA \
  -prdata=COMRAM,nvrram=COMRAM,nvbit=COMRAM,rbss=COMRAM,rbit=COMRAM \
  -pfarbss=FARRAM,fardata=FARRAM,nvFARRAM=FARRAM \
  -pintsave_regs=BIGRAM,bigbss=BIGRAM,bigdata=BIGRAM -pbss=RAM \
  -pidata=CODE,irdata=CODE,ibigdata=CODE,ifardata=CODE -prparam=COMRAM \
  /tmp/xcXNAwF1G.obj dist/Offset/production/LoRaMote_TTN.X.production.obj 

Object code version is 3.11

Machine type is 18LF25K50

Call graph: (short form)




                Name                               Link     Load   Length Selector   Space Scale
/tmp/xcXNAwF1G.obj
                end_init                           10AA     10AA        4      804       0
                reset_vec                          1000     1000        4      800       0
                idloc                            200000   200000        8   200000       0
                config                           300000   300000        E   300000       0
dist/Offset/production/LoRaMote_TTN.X.production.obj
                intcode                            1008     1008       A2      804       0
                temp                                 5B       5B        1        1       1
                mediumconst                        77A4     77A4      85C     3BD2       0
                text113                            440A     440A        4     2205       0
                text112                            46E6     46E6       28     2373       0
                text111                            470E     470E       28     2387       0
                text110                            4442     4442        C     2221       0
                text109                            441E     441E        6     220F       0
                text108                            50CA     50CA       76     2865       0
                text107                            47DA     47DA       2C     23ED       0
                text106                            4D10     4D10       54     2688       0
                text105                            5B52     5B52       C2     2DA9       0
                text104                            5C14     5C14       CE     2E0A       0
                text103                            5A96     5A96       BC     2D4B       0
                text102                            6628     6628      11C     3314       0
                text101                            4C6C     4C6C       52     2636       0
                text100                            532E     532E       88     2997       0
                text99                             53B6     53B6       88     29DB       0
                text98                             4918     4918       36     248C       0
                text97                             55F0     55F0       9E     2AF8       0
                text96                             4CBE     4CBE       52     265F       0
                text95                             4984     4984       38     24C2       0
                text94                             4AF4     4AF4       4A     257A       0
                text93                             6A7A     6A7A      1F4     353D       0
                text92                             641C     641C      102     320E       0
                text91                             522C     522C       7E     2916       0
                text90                             4786     4786       2A     23C3       0
                text89                             57CC     57CC       A8     2BE6       0
                text88                             568E     568E       9E     2B47       0
                text87                             543E     543E       8E     2A1F       0
                text86                             6046     6046       E4     3023       0
                text85                             4E6E     4E6E       5E     2737       0
                text84                             5874     5874       B2     2C3A       0
                text83                             4A30     4A30       3E     2518       0
                text82                             459C     459C       1E     22CE       0
                text81                             4634     4634       22     231A       0
                text80                             5DB8     5DB8       D8     2EDC       0
                text79                             621E     621E       FE     310F       0
                text78                             4424     4424        6     2212       0
                text76                             44E4     44E4       14     2272       0
                text75                             442A     442A        8     2215       0
                text74                             4520     4520       16     2290       0
                text73                             44AE     44AE       12     2257       0
                text72                             4806     4806       2C     2403       0
                text71                             4536     4536       16     229B       0
                text70                             4C1E     4C1E       4E     260F       0
                text69                             4472     4472        E     2239       0
                text68                             440E     440E        4     2207       0
                text67                             4832     4832       2C     2419       0
                text66                             4412     4412        4     2209       0
                text65                             448E     448E       10     2247       0
                text64                             4614     4614       20     230A       0
                text63                             485E     485E       2C     242F       0
                text62                             47B0     47B0       2A     23D8       0
                text61                             5CE2     5CE2       D6     2E71       0
                text60                             572C     572C       A0     2B96       0
                text59                             631C     631C      100     318E       0
                text58                             48B6     48B6       2E     245B       0
                text57                             48E4     48E4       34     2472       0
                text56                             1004     1004        2      800       0
                text55                             4416     4416        4     220B       0
                text54                             54CC     54CC       90     2A66       0
                text53                             4564     4564       1C     22B2       0
                text52                             5926     5926       B6     2C93       0
                text51                             449E     449E       10     224F       0
                text50                             444E     444E        C     2227       0
                text49                             45BA     45BA       1E     22DD       0
                text48                             44F8     44F8       14     227C       0
                text47                             445A     445A        C     222D       0
                text46                             5140     5140       76     28A0       0
                text45                             45D8     45D8       1E     22EC       0
                text44                             454C     454C       18     22A6       0
                text43                             4F90     4F90       66     27C8       0
                text42                             51B6     51B6       76     28DB       0
                text41                             4432     4432        8     2219       0
                text40                             4480     4480        E     2240       0
                text39                             441A     441A        4     220D       0
                text38                             4A6E     4A6E       3E     2537       0
                text37                             5F68     5F68       DE     2FB4       0
                text36                             49BC     49BC       3A     24DE       0
                text35                             4B3E     4B3E       4A     259F       0
                text34                             4656     4656       22     232B       0
                text33                             49F6     49F6       3A     24FB       0
                text32                             4B88     4B88       4A     25C4       0
                text31                             4736     4736       28     239B       0
                text30                             612A     612A       F4     3095       0
                text29                             4466     4466        C     2233       0
                text28                             4D64     4D64       54     26B2       0
                text27                             469A     469A       26     234D       0
                text26                             45F6     45F6       1E     22FB       0
                text25                             6C6E     6C6E      3AC     3637       0
                text24                             52AA     52AA       84     2955       0
                text23                             4FF6     4FF6       68     27FB       0
                text22                             701A     701A      78A     380D       0
                text21                             443A     443A        8     221D       0
                text20                             488A     488A       2C     2445       0
                text19                             4F2C     4F2C       64     2796       0
                text18                             4580     4580       1C     22C0       0
                text17                             44C0     44C0       12     2260       0
                text16                             5E90     5E90       D8     2F48       0
                text15                             450C     450C       14     2286       0
                text14                             44D2     44D2       12     2269       0
                text13                             4678     4678       22     233C       0
                text12                             505E     505E       6C     282F       0
                text11                             651E     651E      10A     328F       0
                text10                             494E     494E       36     24A7       0
                text9                              475E     475E       28     23AF       0
                text8                              4ECC     4ECC       60     2766       0
                text7                              4AAC     4AAC       48     2556       0
                text6                              4DB8     4DB8       5A     26DC       0
                text5                              46C0     46C0       26     2360       0
                text4                              555C     555C       94     2AAE       0
                text3                              6744     6744      18A     33A2       0
                text2                              4BD2     4BD2       4C     25E9       0
                text1                              68CE     68CE      1AC     3467       0
                text0                              59DC     59DC       BA     2CEE       0
                cstackCOMRAM                         2E       2E       2D        1       1
                cstackBANK0                          C0       C0       3B       60       1
                bssBANK2                            200      200       80      200       1
                bssBANK1                            100      100       E0      100       1
                dataBANK0                            FB       FB        3       60       1
                bssBANK0                             60       60       60       60       1
                bssCOMRAM                             1        1       2D        1       1
                cinit                              4E12     4E12       5C     2709       0
                idataBANK0                         4407     4407        3     4407       0

TOTAL           Name                               Link     Load   Length     Space
        CLASS   STACK          

        CLASS   CODE           
                end_init                           10AA     10AA        4         0
                intcode                            1008     1008       A2         0
                reset_vec                          1000     1000        4         0
                text113                            440A     440A        4         0
                text112                            46E6     46E6       28         0
                text111                            470E     470E       28         0
                text110                            4442     4442        C         0
                text109                            441E     441E        6         0
                text108                            50CA     50CA       76         0
                text107                            47DA     47DA       2C         0
                text106                            4D10     4D10       54         0
                text105                            5B52     5B52       C2         0
                text104                            5C14     5C14       CE         0
                text103                            5A96     5A96       BC         0
                text102                            6628     6628      11C         0
                text101                            4C6C     4C6C       52         0
                text100                            532E     532E       88         0
                text99                             53B6     53B6       88         0
                text98                             4918     4918       36         0
                text97                             55F0     55F0       9E         0
                text96                             4CBE     4CBE       52         0
                text95                             4984     4984       38         0
                text94                             4AF4     4AF4       4A         0
                text93                             6A7A     6A7A      1F4         0
                text92                             641C     641C      102         0
                text91                             522C     522C       7E         0
                text90                             4786     4786       2A         0
                text89                             57CC     57CC       A8         0
                text88                             568E     568E       9E         0
                text87                             543E     543E       8E         0
                text86                             6046     6046       E4         0
                text85                             4E6E     4E6E       5E         0
                text84                             5874     5874       B2         0
                text83                             4A30     4A30       3E         0
                text82                             459C     459C       1E         0
                text81                             4634     4634       22         0
                text80                             5DB8     5DB8       D8         0
                text79                             621E     621E       FE         0
                text78                             4424     4424        6         0
                text76                             44E4     44E4       14         0
                text75                             442A     442A        8         0
                text74                             4520     4520       16         0
                text73                             44AE     44AE       12         0
                text72                             4806     4806       2C         0
                text71                             4536     4536       16         0
                text70                             4C1E     4C1E       4E         0
                text69                             4472     4472        E         0
                text68                             440E     440E        4         0
                text67                             4832     4832       2C         0
                text66                             4412     4412        4         0
                text65                             448E     448E       10         0
                text64                             4614     4614       20         0
                text63                             485E     485E       2C         0
                text62                             47B0     47B0       2A         0
                text61                             5CE2     5CE2       D6         0
                text60                             572C     572C       A0         0
                text59                             631C     631C      100         0
                text58                             48B6     48B6       2E         0
                text57                             48E4     48E4       34         0
                text56                             1004     1004        2         0
                text55                             4416     4416        4         0
                text54                             54CC     54CC       90         0
                text53                             4564     4564       1C         0
                text52                             5926     5926       B6         0
                text51                             449E     449E       10         0
                text50                             444E     444E        C         0
                text49                             45BA     45BA       1E         0
                text48                             44F8     44F8       14         0
                text47                             445A     445A        C         0
                text46                             5140     5140       76         0
                text45                             45D8     45D8       1E         0
                text44                             454C     454C       18         0
                text43                             4F90     4F90       66         0
                text42                             51B6     51B6       76         0
                text41                             4432     4432        8         0
                text40                             4480     4480        E         0
                text39                             441A     441A        4         0
                text38                             4A6E     4A6E       3E         0
                text37                             5F68     5F68       DE         0
                text36                             49BC     49BC       3A         0
                text35                             4B3E     4B3E       4A         0
                text34                             4656     4656       22         0
                text33                             49F6     49F6       3A         0
                text32                             4B88     4B88       4A         0
                text31                             4736     4736       28         0
                text30                             612A     612A       F4         0
                text29                             4466     4466        C         0
                text28                             4D64     4D64       54         0
                text27                             469A     469A       26         0
                text26                             45F6     45F6       1E         0
                text25                             6C6E     6C6E      3AC         0
                text24                             52AA     52AA       84         0
                text23                             4FF6     4FF6       68         0
                text22                             701A     701A      78A         0
                text21                             443A     443A        8         0
                text20                             488A     488A       2C         0
                text19                             4F2C     4F2C       64         0
                text18                             4580     4580       1C         0
                text17                             44C0     44C0       12         0
                text16                             5E90     5E90       D8         0
                text15                             450C     450C       14         0
                text14                             44D2     44D2       12         0
                text13                             4678     4678       22         0
                text12                             505E     505E       6C         0
                text11                             651E     651E      10A         0
                text10                             494E     494E       36         0
                text9                              475E     475E       28         0
                text8                              4ECC     4ECC       60         0
                text7                              4AAC     4AAC       48         0
                text6                              4DB8     4DB8       5A         0
                text5                              46C0     46C0       26         0
                text4                              555C     555C       94         0
                text3                              6744     6744      18A         0
                text2                              4BD2     4BD2       4C         0
                text1                              68CE     68CE      1AC         0
                text0                              59DC     59DC       BA         0
                cinit                              4E12     4E12       5C         0
                idataBANK0                         4407     4407        3         0

        CLASS   CONST          

        CLASS   SMALLCONST     

        CLASS   MEDIUMCONST    
                mediumconst                        77A4     77A4      85C         0

        CLASS   COMRAM         
                temp                                 5B       5B        1         1
                cstackCOMRAM                         2E       2E       2D         1
                bssCOMRAM                             1        1       2D         1

        CLASS   ABS1           
                abs_s1                              400      400       40         1
                abs_s1                              500      500       80         1

        CLASS   BIGRAM         

        CLASS   RAM            

        CLASS   BANK0          
                cstackBANK0                          C0       C0       3B         1
                dataBANK0                            FB       FB        3         1
                bssBANK0                             60       60       60         1

        CLASS   BANK1          
                bssBANK1                            100      100       E0         1

        CLASS   BANK2          
                bssBANK2                            200      200       80         1

        CLASS   BANK3          

        CLASS   BANK4          

        CLASS   BANK5          

        CLASS   BANK6          

        CLASS   BANK7          

        CLASS   SFR            

        CLASS   FARRAM         

        CLASS   CONFIG         
                config                           300000   300000        E         0

        CLASS   IDLOC          
                idloc                            200000   200000        8         0

        CLASS   EEDATA         



SEGMENTS        Name                           Load    Length   Top    Selector   Space  Class

                bssCOMRAM                      000001  00005B  00005C         1       1  COMRAM  
                bssBANK0                       000060  00009E  0000FE        60       1  BANK0   
                bssBANK1                       000100  0000E0  0001E0       100       1  BANK1   
                bssBANK2                       000200  000080  000280       200       1  BANK2   
                reset_vec                      001000  000006  001006       800       0  CODE    
                intcode                        001008  0000A6  0010AE       804       0  CODE    
                idataBANK0                     004407  000003  00440A      4407       0  CODE    
                text113                        00440A  000004  00440E      2205       0  CODE    
                text68                         00440E  000004  004412      2207       0  CODE    
                text66                         004412  000004  004416      2209       0  CODE    
                text55                         004416  000004  00441A      220B       0  CODE    
                text39                         00441A  000004  00441E      220D       0  CODE    
                text109                        00441E  000006  004424      220F       0  CODE    
                text78                         004424  000006  00442A      2212       0  CODE    
                text75                         00442A  000008  004432      2215       0  CODE    
                text41                         004432  000008  00443A      2219       0  CODE    
                text21                         00443A  000008  004442      221D       0  CODE    
                text110                        004442  00000C  00444E      2221       0  CODE    
                text50                         00444E  00000C  00445A      2227       0  CODE    
                text47                         00445A  00000C  004466      222D       0  CODE    
                text29                         004466  00000C  004472      2233       0  CODE    
                text69                         004472  00000E  004480      2239       0  CODE    
                text40                         004480  00000E  00448E      2240       0  CODE    
                text65                         00448E  000010  00449E      2247       0  CODE    
                text51                         00449E  000010  0044AE      224F       0  CODE    
                text73                         0044AE  000012  0044C0      2257       0  CODE    
                text17                         0044C0  000012  0044D2      2260       0  CODE    
                text14                         0044D2  000012  0044E4      2269       0  CODE    
                text76                         0044E4  000014  0044F8      2272       0  CODE    
                text48                         0044F8  000014  00450C      227C       0  CODE    
                text15                         00450C  000014  004520      2286       0  CODE    
                text74                         004520  000016  004536      2290       0  CODE    
                text71                         004536  000016  00454C      229B       0  CODE    
                text44                         00454C  000018  004564      22A6       0  CODE    
                text53                         004564  00001C  004580      22B2       0  CODE    
                text18                         004580  00001C  00459C      22C0       0  CODE    
                text82                         00459C  00001E  0045BA      22CE       0  CODE    
                text49                         0045BA  00001E  0045D8      22DD       0  CODE    
                text45                         0045D8  00001E  0045F6      22EC       0  CODE    
                text26                         0045F6  00001E  004614      22FB       0  CODE    
                text64                         004614  000020  004634      230A       0  CODE    
                text81                         004634  000022  004656      231A       0  CODE    
                text34                         004656  000022  004678      232B       0  CODE    
                text13                         004678  000022  00469A      233C       0  CODE    
                text27                         00469A  000026  0046C0      234D       0  CODE    
                text5                          0046C0  000026  0046E6      2360       0  CODE    
                text112                        0046E6  000028  00470E      2373       0  CODE    
                text111                        00470E  000028  004736      2387       0  CODE    
                text31                         004736  000028  00475E      239B       0  CODE    
                text9                          00475E  000028  004786      23AF       0  CODE    
                text90                         004786  00002A  0047B0      23C3       0  CODE    
                text62                         0047B0  00002A  0047DA      23D8       0  CODE    
                text107                        0047DA  00002C  004806      23ED       0  CODE    
                text72                         004806  00002C  004832      2403       0  CODE    
                text67                         004832  00002C  00485E      2419       0  CODE    
                text63                         00485E  00002C  00488A      242F       0  CODE    
                text20                         00488A  00002C  0048B6      2445       0  CODE    
                text58                         0048B6  00002E  0048E4      245B       0  CODE    
                text57                         0048E4  000034  004918      2472       0  CODE    
                text98                         004918  000036  00494E      248C       0  CODE    
                text10                         00494E  000036  004984      24A7       0  CODE    
                text95                         004984  000038  0049BC      24C2       0  CODE    
                text36                         0049BC  00003A  0049F6      24DE       0  CODE    
                text33                         0049F6  00003A  004A30      24FB       0  CODE    
                text83                         004A30  00003E  004A6E      2518       0  CODE    
                text38                         004A6E  00003E  004AAC      2537       0  CODE    
                text7                          004AAC  000048  004AF4      2556       0  CODE    
                text94                         004AF4  00004A  004B3E      257A       0  CODE    
                text35                         004B3E  00004A  004B88      259F       0  CODE    
                text32                         004B88  00004A  004BD2      25C4       0  CODE    
                text2                          004BD2  00004C  004C1E      25E9       0  CODE    
                text70                         004C1E  00004E  004C6C      260F       0  CODE    
                text101                        004C6C  000052  004CBE      2636       0  CODE    
                text96                         004CBE  000052  004D10      265F       0  CODE    
                text106                        004D10  000054  004D64      2688       0  CODE    
                text28                         004D64  000054  004DB8      26B2       0  CODE    
                text6                          004DB8  00005A  004E12      26DC       0  CODE    
                cinit                          004E12  00005C  004E6E      2709       0  CODE    
                text85                         004E6E  00005E  004ECC      2737       0  CODE    
                text8                          004ECC  000060  004F2C      2766       0  CODE    
                text19                         004F2C  000064  004F90      2796       0  CODE    
                text43                         004F90  000066  004FF6      27C8       0  CODE    
                text23                         004FF6  000068  00505E      27FB       0  CODE    
                text12                         00505E  00006C  0050CA      282F       0  CODE    
                text108                        0050CA  000076  005140      2865       0  CODE    
                text46                         005140  000076  0051B6      28A0       0  CODE    
                text42                         0051B6  000076  00522C      28DB       0  CODE    
                text91                         00522C  00007E  0052AA      2916       0  CODE    
                text24                         0052AA  000084  00532E      2955       0  CODE    
                text100                        00532E  000088  0053B6      2997       0  CODE    
                text99                         0053B6  000088  00543E      29DB       0  CODE    
                text87                         00543E  00008E  0054CC      2A1F       0  CODE    
                text54                         0054CC  000090  00555C      2A66       0  CODE    
                text4                          00555C  000094  0055F0      2AAE       0  CODE    
                text97                         0055F0  00009E  00568E      2AF8       0  CODE    
                text88                         00568E  00009E  00572C      2B47       0  CODE    
                text60                         00572C  0000A0  0057CC      2B96       0  CODE    
                text89                         0057CC  0000A8  005874      2BE6       0  CODE    
                text84                         005874  0000B2  005926      2C3A       0  CODE    
                text52                         005926  0000B6  0059DC      2C93       0  CODE    
                text0                          0059DC  0000BA  005A96      2CEE       0  CODE    
                text103                        005A96  0000BC  005B52      2D4B       0  CODE    
                text105                        005B52  0000C2  005C14      2DA9       0  CODE    
                text104                        005C14  0000CE  005CE2      2E0A       0  CODE    
                text61                         005CE2  0000D6  005DB8      2E71       0  CODE    
                text80                         005DB8  0000D8  005E90      2EDC       0  CODE    
                text16                         005E90  0000D8  005F68      2F48       0  CODE    
                text37                         005F68  0000DE  006046      2FB4       0  CODE    
                text86                         006046  0000E4  00612A      3023       0  CODE    
                text30                         00612A  0000F4  00621E      3095       0  CODE    
                text79                         00621E  0000FE  00631C      310F       0  CODE    
                text59                         00631C  000100  00641C      318E       0  CODE    
                text92                         00641C  000102  00651E      320E       0  CODE    
                text11                         00651E  00010A  006628      328F       0  CODE    
                text102                        006628  00011C  006744      3314       0  CODE    
                text3                          006744  00018A  0068CE      33A2       0  CODE    
                text1                          0068CE  0001AC  006A7A      3467       0  CODE    
                text93                         006A7A  0001F4  006C6E      353D       0  CODE    
                text25                         006C6E  0003AC  00701A      3637       0  CODE    
                text22                         00701A  00078A  0077A4      380D       0  CODE    
                mediumconst                    0077A4  00085C  008000      3BD2       0  MEDIUMCO
                idloc                          200000  000008  200008    200000       0  IDLOC   
                config                         300000  00000E  30000E    300000       0  CONFIG  


UNUSED ADDRESS RANGES

        Name                Unused          Largest block    Delta
        BANK0            0000FE-0000FF                2
        BANK1            0001E0-0001FF               20
        BANK2            000280-0002FF               80
        BANK3            000300-0003FF              100
        BANK4            000440-0004FF               C0
        BANK5            000580-0005FF               80
        BANK6            000600-0006FF              100
        BANK7            000700-0007FF              100
        BIGRAM           00005C-00005F                4
                         0000FE-0000FF                2
                         0001E0-0001FF               20
                         000280-0003FF              180
                         000440-0004FF               C0
                         000580-0007FF              280
        CODE             0010AE-004406             3359
        COMRAM           00005C-00005F                4
        CONST            0010AE-004406             3359
        EEDATA           F00000-F000FF              100
        FARRAM           000000-000000                1
        MEDIUMCONST      0010AE-004406             3359
        RAM              0000FE-0000FF                2
                         0001E0-0001FF               20
                         000280-0003FF               80
                         000440-0004FF               C0
                         000580-0007FF              100
        SFR              000F53-000FFF                D
        SMALLCONST       0010AE-004406              100
        STACK            000580-0007FF              280

                                  Symbol Table

?_ADC_GetConversion                         cstackBANK0  0000C0
?_USBTransferOnePacket                      cstackBANK0  0000C0
?___lldiv                                   cstackCOMRAM 00002E
?___lwdiv                                   cstackBANK0  0000C0
?___lwmod                                   cstackBANK0  0000C7
?___wmul                                    cstackBANK0  0000C0
?_sprintf                                   cstackBANK0  0000CC
?_strcmp                                    cstackBANK0  0000C0
?_strncmp                                   cstackBANK0  0000C0
?i2_USBTransferOnePacket                    cstackCOMRAM 00002E
ADC_GetConversion@channel                   cstackBANK0  0000C4
ADC_TempConversion@temp                     cstackBANK0  0000C8
ADC_TempConversion@tempRaw                  cstackBANK0  0000C7
CDCTxService@byte_to_send                   cstackBANK0  0000CA
CDCTxService@i                              cstackBANK0  0000C9
DATAEE_ReadByte@bAdd                        cstackBANK0  0000C0
DATAEE_WriteByte@GIEBitValue                cstackBANK0  0000C2
DATAEE_WriteByte@bAdd                       cstackBANK0  0000C1
DATAEE_WriteByte@bData                      cstackBANK0  0000C0
EUSART_FlushBuffer@index                    cstackBANK0  0000C0
EUSART_Read@readValue                       cstackBANK0  0000C0
EUSART_Write@txData                         cstackBANK0  0000C0
MOTEapp_TimerBasedTask@timerTask            cstackBANK0  0000C0
MOTEapp_getModemResponse@bufferByte         cstackBANK0  0000C2
MOTEapp_getModemResponse@terminatorReceived cstackBANK0  0000C1
MOTEapp_handlerState@state                  cstackBANK0  0000C0
SPI_Exchange8bit@data                       cstackBANK0  0000C0
Set_Column_Address@address                  cstackBANK0  0000C2
Set_Page_Address@address                    cstackBANK0  0000C2
TMR2_ReadTimer@readVal                      cstackBANK0  0000C0
USART_mySetLineCodingHandler@dwBaud         cstackCOMRAM 00003B
USBConfigureEndpoint@EPNum                  cstackCOMRAM 000033
USBConfigureEndpoint@direction              cstackCOMRAM 00002E
USBConfigureEndpoint@handle                 cstackCOMRAM 000034
USBCtrlEPService@setup_cnt                  cstackCOMRAM 00004D
USBCtrlTrfInHandler@lastDTS                 cstackCOMRAM 00003F
USBCtrlTrfRxService@byteToRead              cstackCOMRAM 000040
USBCtrlTrfRxService@i                       cstackCOMRAM 00003F
USBCtrlTrfTxService@byteToSend              cstackCOMRAM 00002E
USBDeviceInit@i                             cstackBANK0  0000C8
USBDeviceTasks@i                            cstackCOMRAM 00004E
USBEnableEndpoint@ep                        cstackCOMRAM 000039
USBEnableEndpoint@options                   cstackCOMRAM 000036
USBEnableEndpoint@p                         cstackCOMRAM 000037
USBStdFeatureReqHandler@current_ep_data     cstackCOMRAM 000047
USBStdFeatureReqHandler@p                   cstackCOMRAM 000048
USBStdFeatureReqHandler@pUEP                cstackCOMRAM 000045
USBStdGetStatusHandler@p                    cstackCOMRAM 00002E
USBStdSetCfgHandler@i                       cstackCOMRAM 000043
USBTransferOnePacket@data                   cstackBANK0  0000C1
USBTransferOnePacket@dir                    cstackBANK0  0000C0
USBTransferOnePacket@ep                     cstackBANK0  0000C4
USBTransferOnePacket@handle                 cstackBANK0  0000C5
USBTransferOnePacket@len                    cstackBANK0  0000C3
USBapp_CdcEmulatorInitialize@i              cstackCOMRAM 00003A
USBapp_handlerState@state                   cstackBANK0  0000C0
USER_USB_CALLBACK_EVENT_HANDLER@event       cstackCOMRAM 00003B
USER_USB_CALLBACK_EVENT_HANDLER@pdata       cstackCOMRAM 00003D
USER_USB_CALLBACK_EVENT_HANDLER@size        cstackCOMRAM 00003F
_ACTCON                                     (abs)        000FB5
_ADCON0                                     (abs)        000FC2
_ADCON0bits                                 (abs)        000FC2
_ADCON1                                     (abs)        000FC1
_ADCON2                                     (abs)        000FC0
_ADC_GetConversion                          text36       0049BC
_ADC_Initialize                             text74       004520
_ADC_TempConversion                         text34       004656
_ADRESH                                     (abs)        000FC4
_ADRESL                                     (abs)        000FC3
_ANSELAbits                                 (abs)        000F5B
_ANSELCbits                                 (abs)        000F5D
_BAUDCON                                    (abs)        000FB8
_BDT                                        (abs)        000400
_BothEP0OutUOWNsSet                         bssBANK0     00008D
_CDCDataInHandle                            bssBANK0     000079
_CDCDataOutHandle                           bssBANK0     00007B
_CDCInitEP                                  text96       004CBE
_CDCTxService                               text59       00631C
_CDCTxService$5555                          cstackBANK0  0000C7
_CKE                                        (abs)        007E3E
_CKP                                        (abs)        007E34
_CM1CON0                                    (abs)        000F98
_CM2CON1bits                                (abs)        000F9A
_CMP1_ISR                                   text113      00440A
_CMP1_Initialize                            text73       0044AE
_CtrlTrfData                                (abs)        000438
_DATAEE_ReadByte                            text76       0044E4
_DATAEE_WriteByte                           text33       0049F6
_EEADR                                      (abs)        000FA9
_EECON1bits                                 (abs)        000FA6
_EECON2                                     (abs)        000FA7
_EEDATA                                     (abs)        000FA8
_EUSART_FlushBuffer                         text20       00488A
_EUSART_Initialize                          text72       004806
_EUSART_Read                                text58       0048B6
_EUSART_Receive_ISR                         text112      0046E6
_EUSART_Transmit_ISR                        text111      00470E
_EUSART_Write                               text57       0048E4
_EndLine                                    text29       004466
_GIE                                        (abs)        007F97
_INTCONbits                                 (abs)        000FF2
_INTERRUPT_InterruptManager                 intcode      001008
_IOCCbits                                   (abs)        000F87
_IPR3bits                                   (abs)        000FA5
_LATAbits                                   (abs)        000F89
_LATBbits                                   (abs)        000F8A
_LATCbits                                   (abs)        000F8B
_LastRS232Out                               bssCOMRAM    000019
_MOTEapp_TimerBasedTask                     text40       004480
_MOTEapp_getModemResponse                   text32       004B88
_MOTEapp_handlerState                       text75       00442A
_MOTEapp_setResponseReady                   text56       001004
_NextUSBOut                                 bssCOMRAM    00001A
_OSCCON                                     (abs)        000FD3
_OSCCON2                                    (abs)        000FD2
_OSCCON2bits                                (abs)        000FD2
_OSCILLATOR_Initialize                      text71       004536
_OSCTUNE                                    (abs)        000F9B
_OledFont0                                  mediumconst  0077BF
_PEIE                                       (abs)        007F96
_PIE1bits                                   (abs)        000F9D
_PIE2bits                                   (abs)        000FA0
_PIE3bits                                   (abs)        000FA3
_PIN_MANAGER_Initialize                     text70       004C1E
_PIR1bits                                   (abs)        000F9E
_PIR2bits                                   (abs)        000FA1
_PIR3bits                                   (abs)        000FA4
_PORTAbits                                  (abs)        000F80
_PORTCbits                                  (abs)        000F82
_PR2                                        (abs)        000FBB
_RCONbits                                   (abs)        000FD0
_RCREG                                      (abs)        000FAE
_RCSTA                                      (abs)        000FAB
_RCSTAbits                                  (abs)        000FAB
_RS232_Out_Data_Rdy                         bssCOMRAM    00001B
_RS232cp                                    bssCOMRAM    00001C
_RemoteWakeup                               bssCOMRAM    00001D
_SPBRG                                      (abs)        000FAF
_SPBRGH                                     (abs)        000FB0
_SPI_Exchange8bit                           text51       00449E
_SPI_Initialize                             text69       004472
_SSP1ADD                                    (abs)        000FC8
_SSP1CON1                                   (abs)        000FC6
_SSP1CON1bits                               (abs)        000FC6
_SSP1STAT                                   (abs)        000FC7
_SSP1STATbits                               (abs)        000FC7
_SSPBUF                                     (abs)        000FC9
_SYSTEM_Initialize                          text64       004614
_Set_Column_Address                         text49       0045BA
_Set_Page_Address                           text48       0044F8
_SetupPkt                                   (abs)        000430
_T1CON                                      (abs)        000FCD
_T1CONbits                                  (abs)        000FCD
_T1GCON                                     (abs)        000FCC
_T2CON                                      (abs)        000FBA
_T2CONbits                                  (abs)        000FBA
_TMR1H                                      (abs)        000FCF
_TMR1L                                      (abs)        000FCE
_TMR1_ISR                                   text110      004442
_TMR1_Initialize                            text67       004832
_TMR1_StartTimer                            text68       00440E
_TMR2                                       (abs)        000FBC
_TMR2_Initialize                            text65       00448E
_TMR2_ReadTimer                             text21       00443A
_TMR2_StartTimer                            text66       004412
_TMRapp_ClearBitFlags                       text39       00441A
_TMRapp_Handler                             text37       005F68
_TMRapp_Tick                                text109      00441E
_TRISAbits                                  (abs)        000F92
_TRISBbits                                  (abs)        000F93
_TRISCbits                                  (abs)        000F94
_TXREG                                      (abs)        000FAD
_TXSTA                                      (abs)        000FAC
_TXSTAbits                                  (abs)        000FAC
_UADDR                                      (abs)        000F63
_UCFG                                       (abs)        000F62
_UCON                                       (abs)        000F60
_UCONbits                                   (abs)        000F60
_UEIE                                       (abs)        000F66
_UEIR                                       (abs)        000F67
_UEP0                                       (abs)        000F6A
_UEP0bits                                   (abs)        000F6A
_UEP1                                       (abs)        000F6B
_UIE                                        (abs)        000F64
_UIEbits                                    (abs)        000F64
_UIR                                        (abs)        000F65
_UIRbits                                    (abs)        000F65
_USART_mySetLineCodingHandler               text106      004D10
_USBActiveConfiguration                     bssCOMRAM    00002C
_USBAlternateInterface                      bssBANK0     0000BE
_USBBusIsSuspended                          bssBANK0     00008E
_USBCheckCDCRequest                         text100      00532E
_USBCheckStdRequest                         text88       00568E
_USBConfigureEndpoint                       text99       0053B6
_USBCtrlEPAllowDataStage                    text87       00543E
_USBCtrlEPAllowStatusStage                  text103      005A96
_USBCtrlEPService                           text84       005874
_USBCtrlEPServiceComplete                   text86       006046
_USBCtrlTrfInHandler                        text104      005C14
_USBCtrlTrfOutHandler                       text101      004C6C
_USBCtrlTrfRxService                        text102      006628
_USBCtrlTrfSetupHandler                     text85       004E6E
_USBCtrlTrfTxService                        text105      005B52
_USBDeferINDataStagePackets                 bssBANK0     00008F
_USBDeferOUTDataStagePackets                bssBANK0     000090
_USBDeferStatusStagePacket                  bssCOMRAM    00001E
_USBDeviceAttach                            text63       00485E
_USBDeviceInit                              text61       005CE2
_USBDeviceState                             bssBANK0     000091
_USBDeviceTasks                             text79       00621E
_USBEnableEndpoint                          text98       004918
_USBStallHandler                            text83       004A30
_USBStatusStageEnabledFlag1                 bssBANK0     000092
_USBStatusStageEnabledFlag2                 bssBANK0     000093
_USBStatusStageTimeoutCounter               bssCOMRAM    00001F
_USBStdFeatureReqHandler                    text93       006A7A
_USBStdGetDscHandler                        text92       00641C
_USBStdGetStatusHandler                     text91       00522C
_USBStdSetCfgHandler                        text89       0057CC
_USBSuspend                                 text82       00459C
_USBTransferOnePacket                       text60       00572C
_USBWakeFromSuspend                         text81       004634
_USB_Buffer                                 bssBANK1     000118
_USB_CD_Ptr                                 mediumconst  0077BD
_USB_SD_Ptr                                 mediumconst  0077B7
_USBapp_CdcEmulatorInitialize               text95       004984
_USBapp_DeviceCdcEmulatorHandler            text52       005926
_USBapp_Handler                             text42       0051B6
_USBapp_getrxByteFlag                       text55       004416
_USBapp_handlerState                        text41       004432
_USBapp_setrxByteFlag                       text78       004424
_USER_USB_CALLBACK_EVENT_HANDLER            text94       004AF4
_USTAT                                      (abs)        000F61
_USTATcopy                                  bssCOMRAM    00002D
_VREFCON0                                   (abs)        000F7D
__CFG_BOREN$SBORDIS                         (abs)        000000
__CFG_BORV$190                              (abs)        000000
__CFG_CCP2MX$RC1                            (abs)        000000
__CFG_CFGPLLEN$OFF                          (abs)        000000
__CFG_CP0$OFF                               (abs)        000000
__CFG_CP1$OFF                               (abs)        000000
__CFG_CP2$OFF                               (abs)        000000
__CFG_CP3$OFF                               (abs)        000000
__CFG_CPB$OFF                               (abs)        000000
__CFG_CPD$OFF                               (abs)        000000
__CFG_CPUDIV$NOCLKDIV                       (abs)        000000
__CFG_EBTR0$OFF                             (abs)        000000
__CFG_EBTR1$OFF                             (abs)        000000
__CFG_EBTR2$OFF                             (abs)        000000
__CFG_EBTR3$OFF                             (abs)        000000
__CFG_EBTRB$OFF                             (abs)        000000
__CFG_FCMEN$OFF                             (abs)        000000
__CFG_FOSC$INTOSCIO                         (abs)        000000
__CFG_ICPRT$OFF                             (abs)        000000
__CFG_IESO$OFF                              (abs)        000000
__CFG_LS48MHZ$SYS48X8                       (abs)        000000
__CFG_LVP$OFF                               (abs)        000000
__CFG_MCLRE$ON                              (abs)        000000
__CFG_PBADEN$OFF                            (abs)        000000
__CFG_PCLKEN$OFF                            (abs)        000000
__CFG_PLLSEL$PLL3X                          (abs)        000000
__CFG_SDOMX$RB3                             (abs)        000000
__CFG_STVREN$ON                             (abs)        000000
__CFG_T3CMX$RC0                             (abs)        000000
__CFG_WDTEN$SWON                            (abs)        000000
__CFG_WDTPS$32768                           (abs)        000000
__CFG_WRT0$OFF                              (abs)        000000
__CFG_WRT1$OFF                              (abs)        000000
__CFG_WRT2$OFF                              (abs)        000000
__CFG_WRT3$OFF                              (abs)        000000
__CFG_WRTB$OFF                              (abs)        000000
__CFG_WRTC$OFF                              (abs)        000000
__CFG_WRTD$OFF                              (abs)        000000
__CFG_XINST$OFF                             (abs)        000000
__CFG_nLPBOR$ON                             (abs)        000000
__CFG_nPWRTEN$OFF                           (abs)        000000
__HRAM                                      (abs)        000000
__Habs1                                     abs1         000000
__Hbank0                                    bank0        000000
__Hbank1                                    bank1        000000
__Hbank2                                    bank2        000000
__Hbank3                                    bank3        000000
__Hbank4                                    bank4        000000
__Hbank5                                    bank5        000000
__Hbank6                                    bank6        000000
__Hbank7                                    bank7        000000
__Hbigbss                                   bigbss       000000
__Hbigdata                                  bigdata      000000
__Hbigram                                   bigram       000000
__Hbss                                      bss          000000
__HbssBANK0                                 bssBANK0     000000
__HbssBANK1                                 bssBANK1     000000
__HbssBANK2                                 bssBANK2     000000
__HbssCOMRAM                                bssCOMRAM    000000
__Hcinit                                    cinit        000000
__Hclrtext                                  clrtext      000000
__Hcomram                                   comram       000000
__Hconfig                                   config       30000E
__Hconst                                    const        000000
__HcstackBANK0                              cstackBANK0  000000
__HcstackCOMRAM                             cstackCOMRAM 000000
__Hdata                                     data         000000
__HdataBANK0                                dataBANK0    000000
__Heeprom_data                              eeprom_data  000000
__Hend_init                                 end_init     0010AE
__Hfarbss                                   farbss       000000
__Hfardata                                  fardata      000000
__Hibigdata                                 ibigdata     000000
__Hidata                                    idata        000000
__HidataBANK0                               idataBANK0   000000
__Hidloc                                    idloc        200008
__Hifardata                                 ifardata     000000
__Hinit                                     init         0010AA
__Hintcode                                  intcode      0010AA
__Hintcode_body                             intcode_body 000000
__Hintcodelo                                intcodelo    0010AA
__Hintentry                                 intentry     000000
__Hintret                                   intret       000000
__Hintsave_regs                             intsave_regs 000000
__Hirdata                                   irdata       000000
__Hmediumconst                              mediumconst  008000
__HnvFARRAM                                 nvFARRAM     000000
__Hnvbit                                    nvbit        000000
__Hnvrram                                   nvrram       000000
__Hparam                                    rparam       000000
__Hpowerup                                  powerup      0010AA
__Hram                                      ram          000000
__Hramtop                                   ramtop       000800
__Hrbit                                     rbit         000000
__Hrbss                                     rbss         000000
__Hrdata                                    rdata        000000
__Hreset_vec                                reset_vec    001004
__Hrparam                                   rparam       000000
__Hsfr                                      sfr          000000
__Hsmallconst                               smallconst   000000
__Hspace_0                                  (abs)        30000E
__Hspace_1                                  (abs)        000280
__Hspace_2                                  (abs)        000000
__Hstack                                    stack        000000
__Hstruct                                   struct       000000
__Htemp                                     temp         00005C
__Htext                                     text         000000
__Htext0                                    text0        000000
__Htext1                                    text1        000000
__Htext10                                   text10       000000
__Htext100                                  text100      000000
__Htext101                                  text101      000000
__Htext102                                  text102      000000
__Htext103                                  text103      000000
__Htext104                                  text104      000000
__Htext105                                  text105      000000
__Htext106                                  text106      000000
__Htext107                                  text107      000000
__Htext108                                  text108      000000
__Htext109                                  text109      000000
__Htext11                                   text11       000000
__Htext110                                  text110      000000
__Htext111                                  text111      000000
__Htext112                                  text112      000000
__Htext113                                  text113      000000
__Htext114                                  text114      000000
__Htext12                                   text12       000000
__Htext13                                   text13       000000
__Htext14                                   text14       000000
__Htext15                                   text15       000000
__Htext16                                   text16       000000
__Htext17                                   text17       000000
__Htext18                                   text18       000000
__Htext19                                   text19       000000
__Htext2                                    text2        000000
__Htext20                                   text20       000000
__Htext21                                   text21       000000
__Htext22                                   text22       000000
__Htext23                                   text23       000000
__Htext24                                   text24       000000
__Htext25                                   text25       000000
__Htext26                                   text26       000000
__Htext27                                   text27       000000
__Htext28                                   text28       000000
__Htext29                                   text29       000000
__Htext3                                    text3        000000
__Htext30                                   text30       000000
__Htext31                                   text31       000000
__Htext32                                   text32       000000
__Htext33                                   text33       000000
__Htext34                                   text34       000000
__Htext35                                   text35       000000
__Htext36                                   text36       000000
__Htext37                                   text37       000000
__Htext38                                   text38       000000
__Htext39                                   text39       000000
__Htext4                                    text4        000000
__Htext40                                   text40       000000
__Htext41                                   text41       000000
__Htext42                                   text42       000000
__Htext43                                   text43       000000
__Htext44                                   text44       000000
__Htext45                                   text45       000000
__Htext46                                   text46       000000
__Htext47                                   text47       000000
__Htext48                                   text48       000000
__Htext49                                   text49       000000
__Htext5                                    text5        000000
__Htext50                                   text50       000000
__Htext51                                   text51       000000
__Htext52                                   text52       000000
__Htext53                                   text53       000000
__Htext54                                   text54       000000
__Htext55                                   text55       000000
__Htext56                                   text56       000000
__Htext57                                   text57       000000
__Htext58                                   text58       000000
__Htext59                                   text59       000000
__Htext6                                    text6        000000
__Htext60                                   text60       000000
__Htext61                                   text61       000000
__Htext62                                   text62       000000
__Htext63                                   text63       000000
__Htext64                                   text64       000000
__Htext65                                   text65       000000
__Htext66                                   text66       000000
__Htext67                                   text67       000000
__Htext68                                   text68       000000
__Htext69                                   text69       000000
__Htext7                                    text7        000000
__Htext70                                   text70       000000
__Htext71                                   text71       000000
__Htext72                                   text72       000000
__Htext73                                   text73       000000
__Htext74                                   text74       000000
__Htext75                                   text75       000000
__Htext76                                   text76       000000
__Htext78                                   text78       000000
__Htext79                                   text79       000000
__Htext8                                    text8        000000
__Htext80                                   text80       000000
__Htext81                                   text81       000000
__Htext82                                   text82       000000
__Htext83                                   text83       000000
__Htext84                                   text84       000000
__Htext85                                   text85       000000
__Htext86                                   text86       000000
__Htext87                                   text87       000000
__Htext88                                   text88       000000
__Htext89                                   text89       000000
__Htext9                                    text9        000000
__Htext90                                   text90       000000
__Htext91                                   text91       000000
__Htext92                                   text92       000000
__Htext93                                   text93       000000
__Htext94                                   text94       000000
__Htext95                                   text95       000000
__Htext96                                   text96       000000
__Htext97                                   text97       000000
__Htext98                                   text98       000000
__Htext99                                   text99       000000
__LRAM                                      (abs)        000001
__Labs1                                     abs1         000000
__Lbank0                                    bank0        000000
__Lbank1                                    bank1        000000
__Lbank2                                    bank2        000000
__Lbank3                                    bank3        000000
__Lbank4                                    bank4        000000
__Lbank5                                    bank5        000000
__Lbank6                                    bank6        000000
__Lbank7                                    bank7        000000
__Lbigbss                                   bigbss       000000
__Lbigdata                                  bigdata      000000
__Lbigram                                   bigram       000000
__Lbss                                      bss          000000
__LbssBANK0                                 bssBANK0     000000
__LbssBANK1                                 bssBANK1     000000
__LbssBANK2                                 bssBANK2     000000
__LbssCOMRAM                                bssCOMRAM    000000
__Lcinit                                    cinit        000000
__Lclrtext                                  clrtext      000000
__Lcomram                                   comram       000000
__Lconfig                                   config       300000
__Lconst                                    const        000000
__LcstackBANK0                              cstackBANK0  000000
__LcstackCOMRAM                             cstackCOMRAM 000000
__Ldata                                     data         000000
__LdataBANK0                                dataBANK0    000000
__Leeprom_data                              eeprom_data  000000
__Lend_init                                 end_init     0010AA
__Lfarbss                                   farbss       000000
__Lfardata                                  fardata      000000
__Libigdata                                 ibigdata     000000
__Lidata                                    idata        000000
__LidataBANK0                               idataBANK0   000000
__Lidloc                                    idloc        200000
__Lifardata                                 ifardata     000000
__Linit                                     init         0010AA
__Lintcode                                  intcode      001008
__Lintcode_body                             intcode_body 000000
__Lintcodelo                                intcodelo    0010AA
__Lintentry                                 intentry     000000
__Lintret                                   intret       000000
__Lintsave_regs                             intsave_regs 000000
__Lirdata                                   irdata       000000
__Lmediumconst                              mediumconst  0077A4
__LnvFARRAM                                 nvFARRAM     000000
__Lnvbit                                    nvbit        000000
__Lnvrram                                   nvrram       000000
__Lparam                                    rparam       000000
__Lpowerup                                  powerup      0010AA
__Lram                                      ram          000000
__Lramtop                                   ramtop       000800
__Lrbit                                     rbit         000000
__Lrbss                                     rbss         000000
__Lrdata                                    rdata        000000
__Lreset_vec                                reset_vec    001000
__Lrparam                                   rparam       000000
__Lsfr                                      sfr          000000
__Lsmallconst                               smallconst   000000
__Lspace_0                                  (abs)        000000
__Lspace_1                                  (abs)        000000
__Lspace_2                                  (abs)        000000
__Lstack                                    stack        000000
__Lstruct                                   struct       000000
__Ltemp                                     temp         00005B
__Ltext                                     text         000000
__Ltext0                                    text0        000000
__Ltext1                                    text1        000000
__Ltext10                                   text10       000000
__Ltext100                                  text100      000000
__Ltext101                                  text101      000000
__Ltext102                                  text102      000000
__Ltext103                                  text103      000000
__Ltext104                                  text104      000000
__Ltext105                                  text105      000000
__Ltext106                                  text106      000000
__Ltext107                                  text107      000000
__Ltext108                                  text108      000000
__Ltext109                                  text109      000000
__Ltext11                                   text11       000000
__Ltext110                                  text110      000000
__Ltext111                                  text111      000000
__Ltext112                                  text112      000000
__Ltext113                                  text113      000000
__Ltext114                                  text114      000000
__Ltext12                                   text12       000000
__Ltext13                                   text13       000000
__Ltext14                                   text14       000000
__Ltext15                                   text15       000000
__Ltext16                                   text16       000000
__Ltext17                                   text17       000000
__Ltext18                                   text18       000000
__Ltext19                                   text19       000000
__Ltext2                                    text2        000000
__Ltext20                                   text20       000000
__Ltext21                                   text21       000000
__Ltext22                                   text22       000000
__Ltext23                                   text23       000000
__Ltext24                                   text24       000000
__Ltext25                                   text25       000000
__Ltext26                                   text26       000000
__Ltext27                                   text27       000000
__Ltext28                                   text28       000000
__Ltext29                                   text29       000000
__Ltext3                                    text3        000000
__Ltext30                                   text30       000000
__Ltext31                                   text31       000000
__Ltext32                                   text32       000000
__Ltext33                                   text33       000000
__Ltext34                                   text34       000000
__Ltext35                                   text35       000000
__Ltext36                                   text36       000000
__Ltext37                                   text37       000000
__Ltext38                                   text38       000000
__Ltext39                                   text39       000000
__Ltext4                                    text4        000000
__Ltext40                                   text40       000000
__Ltext41                                   text41       000000
__Ltext42                                   text42       000000
__Ltext43                                   text43       000000
__Ltext44                                   text44       000000
__Ltext45                                   text45       000000
__Ltext46                                   text46       000000
__Ltext47                                   text47       000000
__Ltext48                                   text48       000000
__Ltext49                                   text49       000000
__Ltext5                                    text5        000000
__Ltext50                                   text50       000000
__Ltext51                                   text51       000000
__Ltext52                                   text52       000000
__Ltext53                                   text53       000000
__Ltext54                                   text54       000000
__Ltext55                                   text55       000000
__Ltext56                                   text56       000000
__Ltext57                                   text57       000000
__Ltext58                                   text58       000000
__Ltext59                                   text59       000000
__Ltext6                                    text6        000000
__Ltext60                                   text60       000000
__Ltext61                                   text61       000000
__Ltext62                                   text62       000000
__Ltext63                                   text63       000000
__Ltext64                                   text64       000000
__Ltext65                                   text65       000000
__Ltext66                                   text66       000000
__Ltext67                                   text67       000000
__Ltext68                                   text68       000000
__Ltext69                                   text69       000000
__Ltext7                                    text7        000000
__Ltext70                                   text70       000000
__Ltext71                                   text71       000000
__Ltext72                                   text72       000000
__Ltext73                                   text73       000000
__Ltext74                                   text74       000000
__Ltext75                                   text75       000000
__Ltext76                                   text76       000000
__Ltext78                                   text78       000000
__Ltext79                                   text79       000000
__Ltext8                                    text8        000000
__Ltext80                                   text80       000000
__Ltext81                                   text81       000000
__Ltext82                                   text82       000000
__Ltext83                                   text83       000000
__Ltext84                                   text84       000000
__Ltext85                                   text85       000000
__Ltext86                                   text86       000000
__Ltext87                                   text87       000000
__Ltext88                                   text88       000000
__Ltext89                                   text89       000000
__Ltext9                                    text9        000000
__Ltext90                                   text90       000000
__Ltext91                                   text91       000000
__Ltext92                                   text92       000000
__Ltext93                                   text93       000000
__Ltext94                                   text94       000000
__Ltext95                                   text95       000000
__Ltext96                                   text96       000000
__Ltext97                                   text97       000000
__Ltext98                                   text98       000000
__Ltext99                                   text99       000000
[...]
		On exit  : 
		Unchanged: 
 Data sizes:     COMRAM   BANK0   BANK1   BANK2   BANK3   BANK4   BANK5   BANK6   BANK7
      Params:         0       0       0       0       0       0       0       0       0
      Locals:         1       0       0       0       0       0       0       0       0
      Temps:          0       0       0       0       0       0       0       0       0
      Totals:         1       0       0       0       0       0       0       0       0
Total ram usage:        1 bytes
 Hardware stack levels used:    1
 Hardware stack levels required when called:    2
 This function calls:
		_USART_mySetLineCodingHandler
		_USBCtrlTrfTxService
 This function is called by:
		_USBCtrlEPService
 This function uses a non-reentrant model


 *************** function _USBCtrlTrfTxService *****************
 Defined at:
		line 1437 in file "../Includes/Usb/framework/usb_device.c"
 Parameters:    Size  Location     Type
		None
 Auto vars:     Size  Location     Type
  byteToSend      1    0[COMRAM] unsigned char 
 Return value:  Size  Location     Type
                  1    wreg      void 
 Registers used:
		wreg, fsr1l, fsr1h, fsr2l, fsr2h, status,2, status,0, tblptrl, tblptrh, tblptru
 Tracked objects:
		On entry : 
		On exit  : 
		Unchanged: 
 Data sizes:     COMRAM   BANK0   BANK1   BANK2   BANK3   BANK4   BANK5   BANK6   BANK7
      Params:         0       0       0       0       0       0       0       0       0
      Locals:         1       0       0       0       0       0       0       0       0
      Temps:          0       0       0       0       0       0       0       0       0
      Totals:         1       0       0       0       0       0       0       0       0
Total ram usage:        1 bytes
 Hardware stack levels used:    1
 This function calls:
		Nothing
 This function is called by:
		_USBCtrlEPAllowDataStage
		_USBCtrlTrfInHandler
 This function uses a non-reentrant model


 *************** function _USART_mySetLineCodingHandler *****************
 Defined at:
		line 236 in file "../Includes/Board/USBapp.c"
 Parameters:    Size  Location     Type
		None
 Auto vars:     Size  Location     Type
  dwBaud          4   13[COMRAM] unsigned long 
 Return value:  Size  Location     Type
                  1    wreg      void 
 Registers used:
		wreg, status,2, status,0, cstack
 Tracked objects:
		On entry : 
		On exit  : 
		Unchanged: 
 Data sizes:     COMRAM   BANK0   BANK1   BANK2   BANK3   BANK4   BANK5   BANK6   BANK7
      Params:         0       0       0       0       0       0       0       0       0
      Locals:         4       0       0       0       0       0       0       0       0
      Temps:          0       0       0       0       0       0       0       0       0
      Totals:         4       0       0       0       0       0       0       0       0
Total ram usage:        4 bytes
 Hardware stack levels used:    1
 Hardware stack levels required when called:    1
 This function calls:
		___lldiv
		i2_EUSART_Initialize
 This function is called by:
		_USBCheckCDCRequest
		_USBCtrlTrfRxService
		_USBCtrlTrfInHandler
 This function uses a non-reentrant model


 *************** function i2_EUSART_Initialize *****************
 Defined at:
		line 77 in file "../Includes/MccGenerated/eusart.c"
 Parameters:    Size  Location     Type
		None
 Auto vars:     Size  Location     Type
		None
 Return value:  Size  Location     Type
                  1    wreg      void 
 Registers used:
		wreg, status,2
 Tracked objects:
		On entry : 
		On exit  : 
		Unchanged: 
 Data sizes:     COMRAM   BANK0   BANK1   BANK2   BANK3   BANK4   BANK5   BANK6   BANK7
      Params:         0       0       0       0       0       0       0       0       0
      Locals:         0       0       0       0       0       0       0       0       0
      Temps:          0       0       0       0       0       0       0       0       0
      Totals:         0       0       0       0       0       0       0       0       0
Total ram usage:        0 bytes
 Hardware stack levels used:    1
 This function calls:
		Nothing
 This function is called by:
		_USBapp_CdcEmulatorInitialize
		_USART_mySetLineCodingHandler
 This function uses a non-reentrant model


 *************** function ___lldiv *****************
 Defined at:
		line 8 in file "/opt/microchip/xc8/v1.36/sources/common/lldiv.c"
 Parameters:    Size  Location     Type
  dividend        4    0[COMRAM] unsigned long 
  divisor         4    4[COMRAM] unsigned long 
 Auto vars:     Size  Location     Type
  quotient        4    8[COMRAM] unsigned long 
  counter         1   12[COMRAM] unsigned char 
 Return value:  Size  Location     Type
                  4    0[COMRAM] unsigned long 
 Registers used:
		wreg, status,2, status,0
 Tracked objects:
		On entry : 
		On exit  : 
		Unchanged: 
 Data sizes:     COMRAM   BANK0   BANK1   BANK2   BANK3   BANK4   BANK5   BANK6   BANK7
      Params:         8       0       0       0       0       0       0       0       0
      Locals:         5       0       0       0       0       0       0       0       0
      Temps:          0       0       0       0       0       0       0       0       0
      Totals:        13       0       0       0       0       0       0       0       0
Total ram usage:       13 bytes
 Hardware stack levels used:    1
 This function calls:
		Nothing
 This function is called by:
		_USART_mySetLineCodingHandler
 This function uses a non-reentrant model


 *************** function _TMRapp_Tick *****************
 Defined at:
		line 10 in file "../Includes/Drivers/TMRapp.c"
 Parameters:    Size  Location     Type
		None
 Auto vars:     Size  Location     Type
		None
 Return value:  Size  Location     Type
                  1    wreg      void 
 Registers used:
		None
 Tracked objects:
		On entry : 
		On exit  : 
		Unchanged: 
 Data sizes:     COMRAM   BANK0   BANK1   BANK2   BANK3   BANK4   BANK5   BANK6   BANK7
      Params:         0       0       0       0       0       0       0       0       0
      Locals:         0       0       0       0       0       0       0       0       0
      Temps:          0       0       0       0       0       0       0       0       0
      Totals:         0       0       0       0       0       0       0       0       0
Total ram usage:        0 bytes
 Hardware stack levels used:    1
 This function calls:
		Nothing
 This function is called by:
		_INTERRUPT_InterruptManager
 This function uses a non-reentrant model


 *************** function _TMR1_ISR *****************
 Defined at:
		line 152 in file "../Includes/MccGenerated/tmr1.c"
 Parameters:    Size  Location     Type
		None
 Auto vars:     Size  Location     Type
		None
 Return value:  Size  Location     Type
                  1    wreg      void 
 Registers used:
		None
 Tracked objects:
		On entry : 
		On exit  : 
		Unchanged: 
 Data sizes:     COMRAM   BANK0   BANK1   BANK2   BANK3   BANK4   BANK5   BANK6   BANK7
      Params:         0       0       0       0       0       0       0       0       0
      Locals:         0       0       0       0       0       0       0       0       0
      Temps:          0       0       0       0       0       0       0       0       0
      Totals:         0       0       0       0       0       0       0       0       0
Total ram usage:        0 bytes
 Hardware stack levels used:    1
 This function calls:
		Nothing
 This function is called by:
		_INTERRUPT_InterruptManager
 This function uses a non-reentrant model


 *************** function _EUSART_Transmit_ISR *****************
 Defined at:
		line 162 in file "../Includes/MccGenerated/eusart.c"
 Parameters:    Size  Location     Type
		None
 Auto vars:     Size  Location     Type
		None
 Return value:  Size  Location     Type
                  1    wreg      void 
 Registers used:
		wreg, fsr2l, fsr2h, status,2, status,0
 Tracked objects:
		On entry : 
		On exit  : 
		Unchanged: 
 Data sizes:     COMRAM   BANK0   BANK1   BANK2   BANK3   BANK4   BANK5   BANK6   BANK7
      Params:         0       0       0       0       0       0       0       0       0
      Locals:         0       0       0       0       0       0       0       0       0
      Temps:          0       0       0       0       0       0       0       0       0
      Totals:         0       0       0       0       0       0       0       0       0
Total ram usage:        0 bytes
 Hardware stack levels used:    1
 This function calls:
		Nothing
 This function is called by:
		_INTERRUPT_InterruptManager
 This function uses a non-reentrant model


 *************** function _EUSART_Receive_ISR *****************
 Defined at:
		line 181 in file "../Includes/MccGenerated/eusart.c"
 Parameters:    Size  Location     Type
		None
 Auto vars:     Size  Location     Type
		None
 Return value:  Size  Location     Type
                  1    wreg      void 
 Registers used:
		wreg, fsr2l, fsr2h, status,2, status,0
 Tracked objects:
		On entry : 
		On exit  : 
		Unchanged: 
 Data sizes:     COMRAM   BANK0   BANK1   BANK2   BANK3   BANK4   BANK5   BANK6   BANK7
      Params:         0       0       0       0       0       0       0       0       0
      Locals:         0       0       0       0       0       0       0       0       0
      Temps:          0       0       0       0       0       0       0       0       0
      Totals:         0       0       0       0       0       0       0       0       0
Total ram usage:        0 bytes
 Hardware stack levels used:    1
 This function calls:
		Nothing
 This function is called by:
		_INTERRUPT_InterruptManager
 This function uses a non-reentrant model


 *************** function _CMP1_ISR *****************
 Defined at:
		line 95 in file "../Includes/MccGenerated/cmp1.c"
 Parameters:    Size  Location     Type
		None
 Auto vars:     Size  Location     Type
		None
 Return value:  Size  Location     Type
                  1    wreg      void 
 Registers used:
		None
 Tracked objects:
		On entry : 
		On exit  : 
		Unchanged: 
 Data sizes:     COMRAM   BANK0   BANK1   BANK2   BANK3   BANK4   BANK5   BANK6   BANK7
      Params:         0       0       0       0       0       0       0       0       0
      Locals:         0       0       0       0       0       0       0       0       0
      Temps:          0       0       0       0       0       0       0       0       0
      Totals:         0       0       0       0       0       0       0       0       0
Total ram usage:        0 bytes
 Hardware stack levels used:    1
 This function calls:
		Nothing
 This function is called by:
		_INTERRUPT_InterruptManager
 This function uses a non-reentrant model



MODULE INFORMATION

Module		Function		Class		Link	Load	Size
/opt/microchip/xc8/v1.36/sources/common/isdigit.c
		_isdigit       		CODE           	45F6	0000	31

/opt/microchip/xc8/v1.36/sources/common/isdigit.c estimated size: 31

../Includes/MccGenerated/cmp1.c
		_CMP1_ISR      		CODE           	440A	0000	5
		_CMP1_Initialize		CODE           	44AE	0000	19

../Includes/MccGenerated/cmp1.c estimated size: 24

../Includes/MccGenerated/pin_manager.c
		_PIN_MANAGER_Initialize		CODE           	4C1E	0000	79

../Includes/MccGenerated/pin_manager.c estimated size: 79

/opt/microchip/xc8/v1.36/sources/common/Umul16.c
		___wmul        		CODE           	469A	0000	39

/opt/microchip/xc8/v1.36/sources/common/Umul16.c estimated size: 39

/opt/microchip/xc8/v1.36/sources/common/lbmod.c
		___lbmod       		CODE           	475E	0000	41

/opt/microchip/xc8/v1.36/sources/common/lbmod.c estimated size: 41

../Includes/Drivers/buttons.c
		_service_pushbutton		CODE           	4BD2	0000	77

../Includes/Drivers/buttons.c estimated size: 77

/opt/microchip/xc8/v1.36/sources/common/lldiv.c
		___lldiv       		CODE           	50CA	0000	119

/opt/microchip/xc8/v1.36/sources/common/lldiv.c estimated size: 119

../Includes/MccGenerated/interrupt_manager.c
		_INTERRUPT_InterruptManager		CODE           	1008	0000	163

../Includes/MccGenerated/interrupt_manager.c estimated size: 163

../Includes/Board/USBapp.c
		_USBapp_DeviceCdcEmulatorHandler		CODE           	5926	0000	183
		_USBapp_handlerState		CODE           	4432	0000	9
		_USART_mySetLineCodingHandler		CODE           	4D10	0000	85
		_USER_USB_CALLBACK_EVENT_HANDLER		CODE           	4AF4	0000	75
		_USBapp_getrxByteFlag		CODE           	4416	0000	5
		_USBapp_setrxByteFlag		CODE           	4424	0000	7
		_USBapp_Handler		CODE           	51B6	0000	119
		_USBapp_CdcEmulatorInitialize		CODE           	4984	0000	57

../Includes/Board/USBapp.c estimated size: 540

../Includes/MccGenerated/memory.c
		_DATAEE_WriteByte		CODE           	49F6	0000	59
		_DATAEE_ReadByte		CODE           	44E4	0000	21

../Includes/MccGenerated/memory.c estimated size: 80

../Includes/Drivers/SSD1306oLED.c
		_oled_displayOff		CODE           	44C0	0000	19
		_oled_putUint16		CODE           	612A	0000	245
		_Set_Column_Address		CODE           	45BA	0000	31
		_oled_putString		CODE           	4F90	0000	103
		_oled_clear    		CODE           	454C	0000	25
		_oled_clearRow 		CODE           	45D8	0000	31
		_oled_writeCommand		CODE           	444E	0000	13
		_Set_Page_Address		CODE           	44F8	0000	21
		_oled_writeData		CODE           	445A	0000	13
		_oled_setDisplay		CODE           	450C	0000	21
		_oled_init     		CODE           	4678	0000	35
		_oled_devInit  		CODE           	5E90	0000	217
		_oled_putChar  		CODE           	5140	0000	119
		_oled_setFont  		CODE           	44D2	0000	19
		_oled_putUint8 		CODE           	4DB8	0000	91

../Includes/Drivers/SSD1306oLED.c estimated size: 1003

../Includes/Board/MOTEapp.c
		_moteApp_add16bToDataBuffer		CODE           	651E	0000	267
		_modemResync   		CODE           	4F2C	0000	101
		_moteRunningProcess		CODE           	6744	0000	395
		_MOTEapp_setResponseReady		CODE           	1004	0000	3
		_hexToStr      		CODE           	46C0	0000	39
		_MOTEapp_getModemResponse		CODE           	4B88	0000	75
		_moteApp_clearBuffers		CODE           	4AAC	0000	73
		_sendDataCommand		CODE           	555C	0000	149
		_modemSleep    		CODE           	4580	0000	29
		_moteJoiningProcess		CODE           	701A	0000	1931
		_MOTEapp_TimerBasedTask		CODE           	4480	0000	15
		_moteApp_GoToSleep		CODE           	505E	0000	109
		_EndLine       		CODE           	4466	0000	13
		_MOTEapp_handlerState		CODE           	442A	0000	9
		_sendCommand   		CODE           	4D64	0000	85
		_moteApp_delayms		CODE           	4736	0000	41
		_moteApp_add8bToDataBuffer		CODE           	4ECC	0000	97
		_moteHandler   		CODE           	68CE	0000	429

../Includes/Board/MOTEapp.c estimated size: 3860

../Includes/MccGenerated/tmr1.c
		_TMR1_Initialize		CODE           	4832	0000	45
		_TMR1_StartTimer		CODE           	440E	0000	5
		_TMR1_ISR      		CODE           	4442	0000	13

../Includes/MccGenerated/tmr1.c estimated size: 63

../Includes/MccGenerated/adc.c
		_ADC_TempConversion		CODE           	4656	0000	35
		_ADC_Initialize		CODE           	4520	0000	23
		_ADC_GetConversion		CODE           	49BC	0000	59

../Includes/MccGenerated/adc.c estimated size: 117

/opt/microchip/xc8/v1.36/sources/common/lbdiv.c
		___lbdiv       		CODE           	494E	0000	55

/opt/microchip/xc8/v1.36/sources/common/lbdiv.c estimated size: 55

/opt/microchip/xc8/v1.36/sources/common/lwmod.c
		___lwmod       		CODE           	4A6E	0000	63

/opt/microchip/xc8/v1.36/sources/common/lwmod.c estimated size: 63

shared
		_configDescriptor1		MEDIUMCONST    	7ABF	0000	68
		_USB_CD_Ptr    		MEDIUMCONST    	77BD	0000	3
		_sd001         		MEDIUMCONST    	7B02	0000	53
		_OledFont0     		MEDIUMCONST    	77BF	0000	769
		_sd002         		MEDIUMCONST    	7B36	0000	53
		i2_EUSART_Initialize		CODE           	47DA	0000	45
		_dpowers       		MEDIUMCONST    	77A5	0000	11
		i2_USBDeviceInit		CODE           	5DB8	0000	217
		__initialization		CODE           	4E12	0000	79
		_device_dsc    		MEDIUMCONST    	7B6A	0000	19
		_hexpowers     		MEDIUMCONST    	77AF	0000	9
		_USB_SD_Ptr    		MEDIUMCONST    	77B7	0000	7
		i2_memset      		CODE           	4786	0000	43
		_sd000         		MEDIUMCONST    	7B7C	0000	5
		i2_USBTransferOnePacket		CODE           	55F0	0000	159

shared estimated size: 1540

../Includes/MccGenerated/eusart.c
		_EUSART_Read   		CODE           	48B6	0000	47
		_EUSART_Write  		CODE           	48E4	0000	53
		_EUSART_Transmit_ISR		CODE           	470E	0000	41
		_EUSART_Initialize		CODE           	4806	0000	45
		_EUSART_Receive_ISR		CODE           	46E6	0000	41
		_EUSART_FlushBuffer		CODE           	488A	0000	45

../Includes/MccGenerated/eusart.c estimated size: 272

../Includes/MccGenerated/spi.c
		_SPI_Exchange8bit		CODE           	449E	0000	17
		_SPI_Initialize		CODE           	4472	0000	15

../Includes/MccGenerated/spi.c estimated size: 32

/opt/microchip/xc8/v1.36/sources/common/strcmp.c
		_strcmp        		CODE           	52AA	0000	133

/opt/microchip/xc8/v1.36/sources/common/strcmp.c estimated size: 133

../Includes/Usb/framework/usb_device.c
		_USBCtrlTrfInHandler		CODE           	5C14	0000	207
		_USBTransferOnePacket		CODE           	572C	0000	161
		_USBDeviceAttach		CODE           	485E	0000	45
		_USBStdGetDscHandler		CODE           	641C	0000	259
		_USBCtrlEPAllowDataStage		CODE           	543E	0000	143
		_USBStdFeatureReqHandler		CODE           	6A7A	0000	501
		_USBCtrlEPAllowStatusStage		CODE           	5A96	0000	189
		_USBCtrlTrfSetupHandler		CODE           	4E6E	0000	95
		_USBCtrlTrfOutHandler		CODE           	4C6C	0000	83
		_USBCtrlEPServiceComplete		CODE           	6046	0000	229
		_USBSuspend    		CODE           	459C	0000	31
		_USBStdSetCfgHandler		CODE           	57CC	0000	169
		_USBStdGetStatusHandler		CODE           	522C	0000	127
		_USBWakeFromSuspend		CODE           	4634	0000	35
		_USBCtrlTrfRxService		CODE           	6628	0000	285
		_USBCtrlTrfTxService		CODE           	5B52	0000	195
		_USBEnableEndpoint		CODE           	4918	0000	55
		_USBConfigureEndpoint		CODE           	53B6	0000	137
		_USBDeviceInit 		CODE           	5CE2	0000	215
		_USBCtrlEPService		CODE           	5874	0000	179
		_USBStallHandler		CODE           	4A30	0000	63
		_USBDeviceTasks		CODE           	621E	0000	255
		_USBCheckStdRequest		CODE           	568E	0000	159

../Includes/Usb/framework/usb_device.c estimated size: 3817

../Includes/Usb/framework/usb_device_cdc.c
		_CDCTxService  		CODE           	631C	0000	257
		_CDCInitEP     		CODE           	4CBE	0000	83
		_putUSBUSART   		CODE           	4564	0000	29
		_getsUSBUSART  		CODE           	54CC	0000	145
		_USBCheckCDCRequest		CODE           	532E	0000	137

../Includes/Usb/framework/usb_device_cdc.c estimated size: 651

/opt/microchip/xc8/v1.36/sources/common/memset.c
		_memset        		CODE           	47B0	0000	43

/opt/microchip/xc8/v1.36/sources/common/memset.c estimated size: 43

../Includes/Drivers/TMRapp.c
		_TMRapp_ClearBitFlags		CODE           	441A	0000	5
		_TMRapp_Tick   		CODE           	441E	0000	7
		_TMRapp_Handler		CODE           	5F68	0000	223

../Includes/Drivers/TMRapp.c estimated size: 235

../Includes/MccGenerated/mcc.c
		_OSCILLATOR_Initialize		CODE           	4536	0000	23
		_SYSTEM_Initialize		CODE           	4614	0000	33

../Includes/MccGenerated/mcc.c estimated size: 56

/opt/microchip/xc8/v1.36/sources/common/strncmp.c
		_strncmp       		CODE           	4FF6	0000	105

/opt/microchip/xc8/v1.36/sources/common/strncmp.c estimated size: 105

main.c
		_main          		CODE           	59DC	0000	187

main.c estimated size: 187

/opt/microchip/xc8/v1.36/sources/common/doprnt.c
		_sprintf       		CODE           	6C6E	0000	941

/opt/microchip/xc8/v1.36/sources/common/doprnt.c estimated size: 941

/opt/microchip/xc8/v1.36/sources/common/lwdiv.c
		___lwdiv       		CODE           	4B3E	0000	75

/opt/microchip/xc8/v1.36/sources/common/lwdiv.c estimated size: 75

../Includes/MccGenerated/tmr2.c
		_TMR2_Initialize		CODE           	448E	0000	17
		_TMR2_StartTimer		CODE           	4412	0000	5
		_TMR2_ReadTimer		CODE           	443A	0000	9

../Includes/MccGenerated/tmr2.c estimated size: 31

